.........
----------------------------------------------------------------------
Ran 9 tests in 0.007s
OK
